~/workspace$ git stash
Saved working directory and index state WIP on main: e5f02a5d Add instructions to resolve Git synchronization errors
~/workspace$ git add .gitignore && git commit -m "Remove large cache files and update gitignore"
On branch main
Your branch is ahead of 'origin/main' by 49 commits.
  (use "git push" to publish your local commits)

Changes not staged for commit:
  (use "git add <file>..." to update what will be committed)
  (use "git restore <file>..." to discard changes in working directory)
    modified:   .cache/replit/env/latest

Untracked files:
  (use "git add <file>..." to include in what will be committed)
    .local/state/replit/agent/.agent_state_e5f02a5dbd3486fbc4cc18fd14dd6f74857c2969.bin

no changes added to commit (use "git add" and/or "git commit -a")
~/workspace$ git push origin main
Enumerating objects: 17476, done.
Counting objects: 100% (17476/17476), done.
Delta compression using up to 8 threads
Compressing objects: 100% (10846/10846), done.
Writing objects: 100% (17400/17400), 358.48 MiB | 5.71 MiB/s, done.
Total 17400 (delta 5819), reused 17041 (delta 5622), pack-reused 0 (from 0)
remote: Resolving deltas: 100% (5819/5819), completed with 52 local objects.
remote: error: Trace: 774d498a657aa9348ee5a51d504657f2cec899d984b23d76472b3bf906840e42
remote: error: See https://gh.io/lfs for more information.
remote: error: File .cache/ms-playwright/chromium-1208/chrome-linux64/chrome is 257.28 MB; this exceeds GitHub's file size limit of 100.00 MB
remote: error: File .cache/ms-playwright/chromium_headless_shell-1208/chrome-headless-shell-linux64/chrome-headless-shell is 175.05 MB; this exceeds GitHub's file size limit of 100.00 MB
remote: error: GH001: Large files detected. You may want to try Git Large File Storage - https://git-lfs.github.com.
To https://github.com/KatTate/Katalyst_Franchise_Planner
 ! [remote rejected]   main -> main (pre-receive hook declined)
error: failed to push some refs to 'https://github.com/KatTate/Katalyst_Franchise_Planner'
~/workspace$ 